
> bizcity-twinchat-ui@0.5.4 build
> vite build

[36mvite v5.4.21 [32mbuilding for production...[36m[39m
transforming...
[32m✓[39m 4368 modules transformed.
rendering chunks...
[1m[33m[plugin:vite:reporter][39m[22m [33m[plugin vite:reporter] 
(!) D:/OneDrive/Code/huongnguyen.vibeyeu.com.vn/wp-content/plugins/bizcity-twin-ai/modules/twinchat/ui/src/api/client.ts is dynamically imported by D:/OneDrive/Code/huongnguyen.vibeyeu.com.vn/wp-content/plugins/bizcity-twin-ai/modules/twinchat/ui/src/stores/libraryStore.ts, D:/OneDrive/Code/huongnguyen.vibeyeu.com.vn/wp-content/plugins/bizcity-twin-ai/modules/twinchat/ui/src/stores/libraryStore.ts, D:/OneDrive/Code/huongnguyen.vibeyeu.com.vn/wp-content/plugins/bizcity-twin-ai/modules/twinchat/ui/src/stores/libraryStore.ts, D:/OneDrive/Code/huongnguyen.vibeyeu.com.vn/wp-content/plugins/bizcity-twin-ai/modules/twinchat/ui/src/stores/libraryStore.ts, D:/OneDrive/Code/huongnguyen.vibeyeu.com.vn/wp-content/plugins/bizcity-twin-ai/modules/twinchat/ui/src/stores/libraryStore.ts, D:/OneDrive/Code/huongnguyen.vibeyeu.com.vn/wp-content/plugins/bizcity-twin-ai/modules/twinchat/ui/src/stores/libraryStore.ts, D:/OneDrive/Code/huongnguyen.vibeyeu.com.vn/wp-content/plugins/bizcity-twin-ai/modules/twinchat/ui/src/stores/libraryStore.ts, D:/OneDrive/Code/huongnguyen.vibeyeu.com.vn/wp-content/plugins/bizcity-twin-ai/modules/twinchat/ui/src/stores/libraryStore.ts, D:/OneDrive/Code/huongnguyen.vibeyeu.com.vn/wp-content/plugins/bizcity-twin-ai/modules/twinchat/ui/src/stores/twinchatStore.ts, D:/OneDrive/Code/huongnguyen.vibeyeu.com.vn/wp-content/plugins/bizcity-twin-ai/modules/twinchat/ui/src/stores/twinchatStore.ts, D:/OneDrive/Code/huongnguyen.vibeyeu.com.vn/wp-content/plugins/bizcity-twin-ai/modules/twinchat/ui/src/stores/twinchatStore.ts but also statically imported by D:/OneDrive/Code/huongnguyen.vibeyeu.com.vn/wp-content/plugins/bizcity-twin-ai/modules/twinchat/ui/src/api/entitlement.ts, D:/OneDrive/Code/huongnguyen.vibeyeu.com.vn/wp-content/plugins/bizcity-twin-ai/modules/twinchat/ui/src/components/AnalyticsDashboard.tsx, D:/OneDrive/Code/huongnguyen.vibeyeu.com.vn/wp-content/plugins/bizcity-twin-ai/modules/twinchat/ui/src/components/ChatPanel.tsx, D:/OneDrive/Code/huongnguyen.vibeyeu.com.vn/wp-content/plugins/bizcity-twin-ai/modules/twinchat/ui/src/components/EntityDetailDrawer.tsx, D:/OneDrive/Code/huongnguyen.vibeyeu.com.vn/wp-content/plugins/bizcity-twin-ai/modules/twinchat/ui/src/components/KGGraphView.tsx, D:/OneDrive/Code/huongnguyen.vibeyeu.com.vn/wp-content/plugins/bizcity-twin-ai/modules/twinchat/ui/src/components/KGGraphViewNexus.tsx, D:/OneDrive/Code/huongnguyen.vibeyeu.com.vn/wp-content/plugins/bizcity-twin-ai/modules/twinchat/ui/src/components/KGSourcePicker.tsx, D:/OneDrive/Code/huongnguyen.vibeyeu.com.vn/wp-content/plugins/bizcity-twin-ai/modules/twinchat/ui/src/components/LearningPanel.tsx, D:/OneDrive/Code/huongnguyen.vibeyeu.com.vn/wp-content/plugins/bizcity-twin-ai/modules/twinchat/ui/src/components/PassageViewer.tsx, D:/OneDrive/Code/huongnguyen.vibeyeu.com.vn/wp-content/plugins/bizcity-twin-ai/modules/twinchat/ui/src/components/PersonaPickerDialog.tsx, D:/OneDrive/Code/huongnguyen.vibeyeu.com.vn/wp-content/plugins/bizcity-twin-ai/modules/twinchat/ui/src/components/PersonaToolsSection.tsx, D:/OneDrive/Code/huongnguyen.vibeyeu.com.vn/wp-content/plugins/bizcity-twin-ai/modules/twinchat/ui/src/components/PersonalArtifactDialog.tsx, D:/OneDrive/Code/huongnguyen.vibeyeu.com.vn/wp-content/plugins/bizcity-twin-ai/modules/twinchat/ui/src/components/RelationDetailDrawer.tsx, D:/OneDrive/Code/huongnguyen.vibeyeu.com.vn/wp-content/plugins/bizcity-twin-ai/modules/twinchat/ui/src/components/SearchResults.tsx, D:/OneDrive/Code/huongnguyen.vibeyeu.com.vn/wp-content/plugins/bizcity-twin-ai/modules/twinchat/ui/src/components/SmartSourcesPanel.tsx, D:/OneDrive/Code/huongnguyen.vibeyeu.com.vn/wp-content/plugins/bizcity-twin-ai/modules/twinchat/ui/src/components/TwinChatAddSourceDialog.tsx, D:/OneDrive/Code/huongnguyen.vibeyeu.com.vn/wp-content/plugins/bizcity-twin-ai/modules/twinchat/ui/src/components/TwinGuruDialog.tsx, D:/OneDrive/Code/huongnguyen.vibeyeu.com.vn/wp-content/plugins/bizcity-twin-ai/modules/twinchat/ui/src/components/askbrain/AskBrainPanel.tsx, D:/OneDrive/Code/huongnguyen.vibeyeu.com.vn/wp-content/plugins/bizcity-twin-ai/modules/twinchat/ui/src/components/embed/ImageStudioTab.tsx, D:/OneDrive/Code/huongnguyen.vibeyeu.com.vn/wp-content/plugins/bizcity-twin-ai/modules/twinchat/ui/src/components/embed/StudioBuilderTab.tsx, D:/OneDrive/Code/huongnguyen.vibeyeu.com.vn/wp-content/plugins/bizcity-twin-ai/modules/twinchat/ui/src/components/embed/useNotebookContextBundle.ts, D:/OneDrive/Code/huongnguyen.vibeyeu.com.vn/wp-content/plugins/bizcity-twin-ai/modules/twinchat/ui/src/components/notebooklm/MessageActions.tsx, D:/OneDrive/Code/huongnguyen.vibeyeu.com.vn/wp-content/plugins/bizcity-twin-ai/modules/twinchat/ui/src/components/notebooklm/SuggestionChips.tsx, D:/OneDrive/Code/huongnguyen.vibeyeu.com.vn/wp-content/plugins/bizcity-twin-ai/modules/twinchat/ui/src/components/studio/StudioPanel.tsx, D:/OneDrive/Code/huongnguyen.vibeyeu.com.vn/wp-content/plugins/bizcity-twin-ai/modules/twinchat/ui/src/components/workspace/api.ts, D:/OneDrive/Code/huongnguyen.vibeyeu.com.vn/wp-content/plugins/bizcity-twin-ai/modules/twinchat/ui/src/hooks/useLearningStream.ts, D:/OneDrive/Code/huongnguyen.vibeyeu.com.vn/wp-content/plugins/bizcity-twin-ai/modules/twinchat/ui/src/hooks/useTwinAgent.ts, D:/OneDrive/Code/huongnguyen.vibeyeu.com.vn/wp-content/plugins/bizcity-twin-ai/modules/twinchat/ui/src/hooks/useTwinAgentStream.ts, D:/OneDrive/Code/huongnguyen.vibeyeu.com.vn/wp-content/plugins/bizcity-twin-ai/modules/twinchat/ui/src/hooks/useTwinChatStream.ts, D:/OneDrive/Code/huongnguyen.vibeyeu.com.vn/wp-content/plugins/bizcity-twin-ai/modules/twinchat/ui/src/pages/WorkspacePage.tsx, D:/OneDrive/Code/huongnguyen.vibeyeu.com.vn/wp-content/plugins/bizcity-twin-ai/modules/twinchat/ui/src/services/learningRunner.ts, dynamic import will not move module into another chunk.
[39m
[1m[33m[plugin:vite:reporter][39m[22m [33m[plugin vite:reporter] 
(!) D:/OneDrive/Code/huongnguyen.vibeyeu.com.vn/wp-content/plugins/bizcity-twin-ai/modules/twinchat/ui/src/stores/workspaceModeStore.ts is dynamically imported by D:/OneDrive/Code/huongnguyen.vibeyeu.com.vn/wp-content/plugins/bizcity-twin-ai/modules/twinchat/ui/src/stores/agentRuntimeStore.ts but also statically imported by D:/OneDrive/Code/huongnguyen.vibeyeu.com.vn/wp-content/plugins/bizcity-twin-ai/modules/twinchat/ui/src/components/ChatPanel.tsx, D:/OneDrive/Code/huongnguyen.vibeyeu.com.vn/wp-content/plugins/bizcity-twin-ai/modules/twinchat/ui/src/components/canvas/CanvasModeLayout.tsx, D:/OneDrive/Code/huongnguyen.vibeyeu.com.vn/wp-content/plugins/bizcity-twin-ai/modules/twinchat/ui/src/components/canvas/StudioFrame.tsx, D:/OneDrive/Code/huongnguyen.vibeyeu.com.vn/wp-content/plugins/bizcity-twin-ai/modules/twinchat/ui/src/lib/studioFramePool.ts, D:/OneDrive/Code/huongnguyen.vibeyeu.com.vn/wp-content/plugins/bizcity-twin-ai/modules/twinchat/ui/src/main.tsx, D:/OneDrive/Code/huongnguyen.vibeyeu.com.vn/wp-content/plugins/bizcity-twin-ai/modules/twinchat/ui/src/pages/WorkspacePage.tsx, dynamic import will not move module into another chunk.
[39m
computing gzip size...
[2mdist/[22m[32mindex.html                                       [39m[1m[2m  0.86 kB[22m[1m[22m[2m │ gzip:   0.35 kB[22m
[2mdist/[22m[32massets/KaTeX_Size3-Regular-CTq5MqoE.woff         [39m[1m[2m  4.42 kB[22m[1m[22m
[2mdist/[22m[32massets/KaTeX_Size4-Regular-Dl5lxZxV.woff2        [39m[1m[2m  4.93 kB[22m[1m[22m
[2mdist/[22m[32massets/KaTeX_Size2-Regular-Dy4dx90m.woff2        [39m[1m[2m  5.21 kB[22m[1m[22m
[2mdist/[22m[32massets/KaTeX_Size1-Regular-mCD8mA8B.woff2        [39m[1m[2m  5.47 kB[22m[1m[22m
[2mdist/[22m[32massets/KaTeX_Size4-Regular-BF-4gkZK.woff         [39m[1m[2m  5.98 kB[22m[1m[22m
[2mdist/[22m[32massets/KaTeX_Size2-Regular-oD1tc_U0.woff         [39m[1m[2m  6.19 kB[22m[1m[22m
[2mdist/[22m[32massets/KaTeX_Size1-Regular-C195tn64.woff         [39m[1m[2m  6.50 kB[22m[1m[22m
[2mdist/[22m[32massets/KaTeX_Caligraphic-Regular-Di6jR-x-.woff2  [39m[1m[2m  6.91 kB[22m[1m[22m
[2mdist/[22m[32massets/KaTeX_Caligraphic-Bold-Dq_IR9rO.woff2     [39m[1m[2m  6.91 kB[22m[1m[22m
[2mdist/[22m[32massets/KaTeX_Size3-Regular-DgpXs0kz.ttf          [39m[1m[2m  7.59 kB[22m[1m[22m
[2mdist/[22m[32massets/KaTeX_Caligraphic-Regular-CTRA-rTL.woff   [39m[1m[2m  7.66 kB[22m[1m[22m
[2mdist/[22m[32massets/KaTeX_Caligraphic-Bold-BEiXGLvX.woff      [39m[1m[2m  7.72 kB[22m[1m[22m
[2mdist/[22m[32massets/KaTeX_Script-Regular-D3wIWfF6.woff2       [39m[1m[2m  9.64 kB[22m[1m[22m
[2mdist/[22m[32massets/KaTeX_SansSerif-Regular-DDBCnlJ7.woff2    [39m[1m[2m 10.34 kB[22m[1m[22m
[2mdist/[22m[32massets/KaTeX_Size4-Regular-DWFBv043.ttf          [39m[1m[2m 10.36 kB[22m[1m[22m
[2mdist/[22m[32massets/KaTeX_Script-Regular-D5yQViql.woff        [39m[1m[2m 10.59 kB[22m[1m[22m
[2mdist/[22m[32massets/KaTeX_Fraktur-Regular-CTYiF6lA.woff2      [39m[1m[2m 11.32 kB[22m[1m[22m
[2mdist/[22m[32massets/KaTeX_Fraktur-Bold-CL6g_b3V.woff2         [39m[1m[2m 11.35 kB[22m[1m[22m
[2mdist/[22m[32massets/KaTeX_Size2-Regular-B7gKUWhC.ttf          [39m[1m[2m 11.51 kB[22m[1m[22m
[2mdist/[22m[32massets/KaTeX_SansSerif-Italic-C3H0VqGB.woff2     [39m[1m[2m 12.03 kB[22m[1m[22m
[2mdist/[22m[32massets/KaTeX_SansSerif-Bold-D1sUS0GD.woff2       [39m[1m[2m 12.22 kB[22m[1m[22m
[2mdist/[22m[32massets/KaTeX_Size1-Regular-Dbsnue_I.ttf          [39m[1m[2m 12.23 kB[22m[1m[22m
[2mdist/[22m[32massets/KaTeX_SansSerif-Regular-CS6fqUqJ.woff     [39m[1m[2m 12.32 kB[22m[1m[22m
[2mdist/[22m[32massets/KaTeX_Caligraphic-Regular-wX97UBjC.ttf    [39m[1m[2m 12.34 kB[22m[1m[22m
[2mdist/[22m[32massets/KaTeX_Caligraphic-Bold-ATXxdsX0.ttf       [39m[1m[2m 12.37 kB[22m[1m[22m
[2mdist/[22m[32massets/KaTeX_Fraktur-Regular-Dxdc4cR9.woff       [39m[1m[2m 13.21 kB[22m[1m[22m
[2mdist/[22m[32massets/KaTeX_Fraktur-Bold-BsDP51OF.woff          [39m[1m[2m 13.30 kB[22m[1m[22m
[2mdist/[22m[32massets/KaTeX_Typewriter-Regular-CO6r4hn1.woff2   [39m[1m[2m 13.57 kB[22m[1m[22m
[2mdist/[22m[32massets/KaTeX_SansSerif-Italic-DN2j7dab.woff      [39m[1m[2m 14.11 kB[22m[1m[22m
[2mdist/[22m[32massets/KaTeX_SansSerif-Bold-DbIhKOiC.woff        [39m[1m[2m 14.41 kB[22m[1m[22m
[2mdist/[22m[32massets/KaTeX_Typewriter-Regular-C0xS9mPB.woff    [39m[1m[2m 16.03 kB[22m[1m[22m
[2mdist/[22m[32massets/KaTeX_Math-BoldItalic-CZnvNsCZ.woff2      [39m[1m[2m 16.40 kB[22m[1m[22m
[2mdist/[22m[32massets/KaTeX_Math-Italic-t53AETM-.woff2          [39m[1m[2m 16.44 kB[22m[1m[22m
[2mdist/[22m[32massets/KaTeX_Script-Regular-C5JkGWo-.ttf         [39m[1m[2m 16.65 kB[22m[1m[22m
[2mdist/[22m[32massets/KaTeX_Main-BoldItalic-DxDJ3AOS.woff2      [39m[1m[2m 16.78 kB[22m[1m[22m
[2mdist/[22m[32massets/KaTeX_Main-Italic-NWA7e6Wa.woff2          [39m[1m[2m 16.99 kB[22m[1m[22m
[2mdist/[22m[32massets/KaTeX_Math-BoldItalic-iY-2wyZ7.woff       [39m[1m[2m 18.67 kB[22m[1m[22m
[2mdist/[22m[32massets/KaTeX_Math-Italic-DA0__PXp.woff           [39m[1m[2m 18.75 kB[22m[1m[22m
[2mdist/[22m[32massets/KaTeX_Main-BoldItalic-SpSLRI95.woff       [39m[1m[2m 19.41 kB[22m[1m[22m
[2mdist/[22m[32massets/KaTeX_SansSerif-Regular-BNo7hRIc.ttf      [39m[1m[2m 19.44 kB[22m[1m[22m
[2mdist/[22m[32massets/KaTeX_Fraktur-Regular-CB_wures.ttf        [39m[1m[2m 19.57 kB[22m[1m[22m
[2mdist/[22m[32massets/KaTeX_Fraktur-Bold-BdnERNNW.ttf           [39m[1m[2m 19.58 kB[22m[1m[22m
[2mdist/[22m[32massets/KaTeX_Main-Italic-BMLOBm91.woff           [39m[1m[2m 19.68 kB[22m[1m[22m
[2mdist/[22m[32massets/KaTeX_SansSerif-Italic-YYjJ1zSn.ttf       [39m[1m[2m 22.36 kB[22m[1m[22m
[2mdist/[22m[32massets/KaTeX_SansSerif-Bold-CFMepnvq.ttf         [39m[1m[2m 24.50 kB[22m[1m[22m
[2mdist/[22m[32massets/KaTeX_Main-Bold-Cx986IdX.woff2            [39m[1m[2m 25.32 kB[22m[1m[22m
[2mdist/[22m[32massets/KaTeX_Main-Regular-B22Nviop.woff2         [39m[1m[2m 26.27 kB[22m[1m[22m
[2mdist/[22m[32massets/KaTeX_Typewriter-Regular-D3Ib7_Hf.ttf     [39m[1m[2m 27.56 kB[22m[1m[22m
[2mdist/[22m[32massets/KaTeX_AMS-Regular-BQhdFMY1.woff2          [39m[1m[2m 28.08 kB[22m[1m[22m
[2mdist/[22m[32massets/KaTeX_Main-Bold-Jm3AIy58.woff             [39m[1m[2m 29.91 kB[22m[1m[22m
[2mdist/[22m[32massets/KaTeX_Main-Regular-Dr94JaBh.woff          [39m[1m[2m 30.77 kB[22m[1m[22m
[2mdist/[22m[32massets/KaTeX_Math-BoldItalic-B3XSjfu4.ttf        [39m[1m[2m 31.20 kB[22m[1m[22m
[2mdist/[22m[32massets/KaTeX_Math-Italic-flOr_0UB.ttf            [39m[1m[2m 31.31 kB[22m[1m[22m
[2mdist/[22m[32massets/KaTeX_Main-BoldItalic-DzxPMmG6.ttf        [39m[1m[2m 32.97 kB[22m[1m[22m
[2mdist/[22m[32massets/KaTeX_AMS-Regular-DMm9YOAa.woff           [39m[1m[2m 33.52 kB[22m[1m[22m
[2mdist/[22m[32massets/KaTeX_Main-Italic-3WenGoN9.ttf            [39m[1m[2m 33.58 kB[22m[1m[22m
[2mdist/[22m[32m.vite/manifest.json                              [39m[1m[2m 37.87 kB[22m[1m[22m[2m │ gzip:   3.81 kB[22m
[2mdist/[22m[32massets/KaTeX_Main-Bold-waoOVXN0.ttf              [39m[1m[2m 51.34 kB[22m[1m[22m
[2mdist/[22m[32massets/KaTeX_Main-Regular-ypZvNtVU.ttf           [39m[1m[2m 53.58 kB[22m[1m[22m
[2mdist/[22m[32massets/KaTeX_AMS-Regular-DRggAlZN.ttf            [39m[1m[2m 63.63 kB[22m[1m[22m
[2mdist/[22m[35massets/index-BOd-46Qa.css                        [39m[1m[2m110.77 kB[22m[1m[22m[2m │ gzip:  22.08 kB[22m
[2mdist/[22m[36massets/chunk-QZHKN3VN-BNWBDicZ.js                [39m[1m[2m  0.20 kB[22m[1m[22m[2m │ gzip:   0.16 kB[22m
[2mdist/[22m[36massets/chunk-55IACEB6-C5pRr8gG.js                [39m[1m[2m  0.28 kB[22m[1m[22m[2m │ gzip:   0.23 kB[22m
[2mdist/[22m[36massets/chunk-4BX2VUAB-m0twbF3Z.js                [39m[1m[2m  0.30 kB[22m[1m[22m[2m │ gzip:   0.21 kB[22m
[2mdist/[22m[36massets/chunk-FMBD7UC4-cSeg2el9.js                [39m[1m[2m  0.37 kB[22m[1m[22m[2m │ gzip:   0.27 kB[22m
[2mdist/[22m[36massets/stateDiagram-v2-QKLJ7IA2-_A9UEXIH.js      [39m[1m[2m  0.44 kB[22m[1m[22m[2m │ gzip:   0.30 kB[22m
[2mdist/[22m[36massets/classDiagram-6PBFFD2Q-CO-F3-ZL.js         [39m[1m[2m  0.51 kB[22m[1m[22m[2m │ gzip:   0.33 kB[22m
[2mdist/[22m[36massets/classDiagram-v2-HSJHXN6E-CO-F3-ZL.js      [39m[1m[2m  0.51 kB[22m[1m[22m[2m │ gzip:   0.33 kB[22m
[2mdist/[22m[36massets/chunk-EDXVE4YY-CVdAHSzi.js                [39m[1m[2m  0.53 kB[22m[1m[22m[2m │ gzip:   0.38 kB[22m
[2mdist/[22m[36massets/infoDiagram-42DDH7IO-CaeJsbsv.js          [39m[1m[2m  0.63 kB[22m[1m[22m[2m │ gzip:   0.42 kB[22m
[2mdist/[22m[36massets/MermaidBlock-J2gB5DhE.js                  [39m[1m[2m  1.41 kB[22m[1m[22m[2m │ gzip:   0.75 kB[22m
[2mdist/[22m[36massets/chunk-YZCP3GAM-CxX3EV-L.js                [39m[1m[2m  1.90 kB[22m[1m[22m[2m │ gzip:   0.84 kB[22m
[2mdist/[22m[36massets/diagram-5BDNPKRD-BUMaP2nK.js              [39m[1m[2m  2.80 kB[22m[1m[22m[2m │ gzip:   1.38 kB[22m
[2mdist/[22m[36massets/pieDiagram-DEJITSTG-2CUWVSBU.js           [39m[1m[2m  4.12 kB[22m[1m[22m[2m │ gzip:   1.90 kB[22m
[2mdist/[22m[36massets/diagram-TYMM5635-D7iONz3M.js              [39m[1m[2m  4.29 kB[22m[1m[22m[2m │ gzip:   1.87 kB[22m
[2mdist/[22m[36massets/AnalyticsDashboard-D2HHRyPv.js            [39m[1m[2m  4.50 kB[22m[1m[22m[2m │ gzip:   1.83 kB[22m
[2mdist/[22m[36massets/graph-DG4Qc8ad.js                         [39m[1m[2m  5.82 kB[22m[1m[22m[2m │ gzip:   1.81 kB[22m
[2mdist/[22m[36massets/diagram-MMDJMWI5-Brd0hIZE.js              [39m[1m[2m  6.01 kB[22m[1m[22m[2m │ gzip:   2.53 kB[22m
[2mdist/[22m[36massets/stateDiagram-FHFEXIEX-70AMrt0U.js         [39m[1m[2m 10.41 kB[22m[1m[22m[2m │ gzip:   3.64 kB[22m
[2mdist/[22m[36massets/diagram-G4DWMVQ6-BavxG6_F.js              [39m[1m[2m 11.10 kB[22m[1m[22m[2m │ gzip:   3.93 kB[22m
[2mdist/[22m[36massets/dagre-KV5264BT-Bq7A6YH3.js                [39m[1m[2m 11.21 kB[22m[1m[22m[2m │ gzip:   4.16 kB[22m
[2mdist/[22m[36massets/KGGraphViewNexus-DbsAmwQa.js              [39m[1m[2m 14.93 kB[22m[1m[22m[2m │ gzip:   5.87 kB[22m
[2mdist/[22m[36massets/ishikawaDiagram-UXIWVN3A-CC7W9hvw.js      [39m[1m[2m 17.61 kB[22m[1m[22m[2m │ gzip:   6.69 kB[22m
[2mdist/[22m[36massets/kanban-definition-6JOO6SKY-WuW5IIoa.js    [39m[1m[2m 20.74 kB[22m[1m[22m[2m │ gzip:   7.31 kB[22m
[2mdist/[22m[36massets/sankeyDiagram-XADWPNL6-BdqUJxVj.js        [39m[1m[2m 22.05 kB[22m[1m[22m[2m │ gzip:   8.03 kB[22m
[2mdist/[22m[36massets/journeyDiagram-VCZTEJTY-SchwUOR9.js       [39m[1m[2m 23.60 kB[22m[1m[22m[2m │ gzip:   8.36 kB[22m
[2mdist/[22m[36massets/mindmap-definition-QFDTVHPH-DpQ51kfh.js   [39m[1m[2m 23.68 kB[22m[1m[22m[2m │ gzip:   8.01 kB[22m
[2mdist/[22m[36massets/wardleyDiagram-NUSXRM2D-16Y_oOvY.js       [39m[1m[2m 24.85 kB[22m[1m[22m[2m │ gzip:   6.72 kB[22m
[2mdist/[22m[36massets/layout-CznPWZju.js                        [39m[1m[2m 25.23 kB[22m[1m[22m[2m │ gzip:   8.87 kB[22m
[2mdist/[22m[36massets/erDiagram-SMLLAGMA-dzMhDDU8.js            [39m[1m[2m 26.98 kB[22m[1m[22m[2m │ gzip:   9.38 kB[22m
[2mdist/[22m[36massets/gitGraphDiagram-UUTBAWPF-Vup4qbC8.js      [39m[1m[2m 29.98 kB[22m[1m[22m[2m │ gzip:   8.89 kB[22m
[2mdist/[22m[36massets/requirementDiagram-MS252O5E-BTjDS0Qk.js   [39m[1m[2m 31.25 kB[22m[1m[22m[2m │ gzip:   9.83 kB[22m
[2mdist/[22m[36massets/timeline-definition-GMOUNBTQ-Dv_BxGqn.js  [39m[1m[2m 31.38 kB[22m[1m[22m[2m │ gzip:  10.44 kB[22m
[2mdist/[22m[36massets/quadrantDiagram-34T5L4WZ-CD4m0wjy.js      [39m[1m[2m 34.27 kB[22m[1m[22m[2m │ gzip:  10.08 kB[22m
[2mdist/[22m[36massets/chunk-OYMX7WX6-Dpcekxp1.js                [39m[1m[2m 37.42 kB[22m[1m[22m[2m │ gzip:  12.17 kB[22m
[2mdist/[22m[36massets/xychartDiagram-5P7HB3ND-CIy_gvVW.js       [39m[1m[2m 39.05 kB[22m[1m[22m[2m │ gzip:  11.03 kB[22m
[2mdist/[22m[36massets/vennDiagram-DHZGUBPP-BHQ12f_t.js          [39m[1m[2m 41.86 kB[22m[1m[22m[2m │ gzip:  15.58 kB[22m
[2mdist/[22m[36massets/chunk-4TB4RGXK-EVBbQIrJ.js                [39m[1m[2m 47.36 kB[22m[1m[22m[2m │ gzip:  15.16 kB[22m
[2mdist/[22m[36massets/ganttDiagram-T4ZO3ILL-CdQIjG2k.js         [39m[1m[2m 49.28 kB[22m[1m[22m[2m │ gzip:  16.72 kB[22m
[2mdist/[22m[36massets/vendor-query-CmcMXlZA.js                  [39m[1m[2m 50.31 kB[22m[1m[22m[2m │ gzip:  15.36 kB[22m
[2mdist/[22m[36massets/flowDiagram-DWJPFMVM--tZPu5L4.js          [39m[1m[2m 61.19 kB[22m[1m[22m[2m │ gzip:  19.51 kB[22m
[2mdist/[22m[36massets/c4Diagram-AHTNJAMY-3nSpW-aa.js            [39m[1m[2m 70.00 kB[22m[1m[22m[2m │ gzip:  19.65 kB[22m
[2mdist/[22m[36massets/blockDiagram-DXYQGD6D-DLakkbBa.js         [39m[1m[2m 72.24 kB[22m[1m[22m[2m │ gzip:  20.57 kB[22m
[2mdist/[22m[36massets/cose-bilkent-S5V4N54A-CE0_y5me.js         [39m[1m[2m 81.60 kB[22m[1m[22m[2m │ gzip:  22.45 kB[22m
[2mdist/[22m[36massets/sequenceDiagram-FGHM5R23-CNLCYkkt.js      [39m[1m[2m117.10 kB[22m[1m[22m[2m │ gzip:  31.11 kB[22m
[2mdist/[22m[36massets/vendor-react-CRvGZXpf.js                  [39m[1m[2m133.93 kB[22m[1m[22m[2m │ gzip:  43.13 kB[22m
[2mdist/[22m[36massets/architectureDiagram-Q4EWVU46-B1HM9ruV.js  [39m[1m[2m149.44 kB[22m[1m[22m[2m │ gzip:  42.22 kB[22m
[2mdist/[22m[36massets/vendor-md-BaslGdeI.js                     [39m[1m[2m156.89 kB[22m[1m[22m[2m │ gzip:  47.48 kB[22m
[2mdist/[22m[36massets/vendor-graph-C2U_okeF.js                  [39m[1m[2m244.93 kB[22m[1m[22m[2m │ gzip:  81.67 kB[22m
[2mdist/[22m[36massets/vendor-katex-B4G8pnx0.js                  [39m[1m[2m271.33 kB[22m[1m[22m[2m │ gzip:  82.85 kB[22m
[2mdist/[22m[36massets/cytoscape.esm-BiciSPf8.js                 [39m[1m[2m442.48 kB[22m[1m[22m[2m │ gzip: 141.93 kB[22m
[2mdist/[22m[36massets/wardley-RL74JXVD-aNknZAr7.js              [39m[1m[2m492.64 kB[22m[1m[22m[2m │ gzip: 110.20 kB[22m
[2mdist/[22m[36massets/vendor-mermaid-CMiqNC-m.js                [39m[1m[2m572.90 kB[22m[1m[22m[2m │ gzip: 135.17 kB[22m
[2mdist/[22m[36massets/index-DZglwFjc.js                         [39m[1m[2m580.04 kB[22m[1m[22m[2m │ gzip: 168.58 kB[22m
[32m✓ built in 55.79s[39m
